{"logTime": "0623/095506", "correlationVector":"edlVpb+ERtFX2UpwbecAYS.1","action":"SyncServerConnectionManagerRequest", "result":"SYNC_SERVER_OK", "context":{"environment":"Prod_francecentral_prod-s01-062-eur-francecentral", "migrationStage":"NotStarted", "server":"akswtt11500001o"}}
{"logTime": "0623/095506", "correlationVector":"edlVpb+ERtFX2UpwbecAYS.2","action":"ProcessGetUpdates", "result":"Done", "context":{"dataType":"Encryption Keys", "deleted":"0", "process_failed_to_decrypt":"0", "process_pending_decryption":"0", "process_success":"1", "total":"1"}}
{"logTime": "0623/095506", "correlationVector":"edlVpb+ERtFX2UpwbecAYS","action":"Initial GetUpdates", "result":"", "context":Reason: NEW_CLIENT. cV=edlVpb+ERtFX2UpwbecAYS}
{"logTime": "0623/095506", "correlationVector":"edlVpb+ERtFX2UpwbecAYS.3","action":"GetUpdates Response", "result":"Success", "context":Received 1 update(s). cV=edlVpb+ERtFX2UpwbecAYS.0;server=akswtt11500001o;cloudType=Consumer;environment=Prod_francecentral_prod-s01-062-eur-francecentral;migrationStage=NotStarted}
{"logTime": "0623/095506", "correlationVector":"XxrXjrbo3c9ShPMS/0oIMu","action":"Initial GetUpdates", "result":"", "context":Reason: NEW_CLIENT. cV=XxrXjrbo3c9ShPMS/0oIMu}
{"logTime": "0623/095538", "correlationVector":"XxrXjrbo3c9ShPMS/0oIMu.1","action":"SyncServerConnectionManagerRequest", "result":"SYNC_SERVER_OK", "context":{"environment":"Prod_francecentral_prod-s01-062-eur-francecentral", "migrationStage":"NotStarted", "server":"akswtt11500001y"}}
{"logTime": "0623/095538", "correlationVector":"XxrXjrbo3c9ShPMS/0oIMu.2","action":"ProcessGetUpdates", "result":"Done", "context":{"dataType":"Preferences", "deleted":"0", "process_failed_to_decrypt":"0", "process_pending_decryption":"0", "process_success":"48", "total":"48"}}
{"logTime": "0623/095538", "correlationVector":"XxrXjrbo3c9ShPMS/0oIMu.3","action":"ProcessGetUpdates", "result":"Done", "context":{"dataType":"Device Info", "deleted":"0", "process_failed_to_decrypt":"0", "process_pending_decryption":"0", "process_success":"5", "total":"5"}}
{"logTime": "0623/095538", "correlationVector":"XxrXjrbo3c9ShPMS/0oIMu.4","action":"GetUpdates Response", "result":"Success", "context":Received 53 update(s). cV=XxrXjrbo3c9ShPMS/0oIMu.0;server=akswtt11500001y;cloudType=Consumer;environment=Prod_francecentral_prod-s01-062-eur-francecentral;migrationStage=NotStarted}
{"logTime": "0623/095538", "correlationVector":"M+e5ip89+/S6x4ZbdoxJZn","action":"Initial GetUpdates", "result":"", "context":Reason: NEW_CLIENT. cV=M+e5ip89+/S6x4ZbdoxJZn}
{"logTime": "0623/095638", "correlationVector":"M+e5ip89+/S6x4ZbdoxJZn","action":"SyncServerConnectionManagerRequest", "result":"CONNECTION_UNAVAILABLE", "context":{"error_type":"net_error_code", "error_value":"-7"}}
{"logTime": "0623/095638", "correlationVector":"f266tulwaJYRedl3LNZaFC.0","action":"GetUpdates Response", "result":"Network error (ERR_TIMED_OUT)", "context":Received error: Network error (ERR_TIMED_OUT). }
{"logTime": "0623/095640", "correlationVector":"la1f15xr7WKTu59NdPSP0M","action":"Initial GetUpdates", "result":"", "context":Reason: NEW_CLIENT. cV=la1f15xr7WKTu59NdPSP0M}
{"logTime": "0623/095651", "correlationVector":"la1f15xr7WKTu59NdPSP0M","action":"SyncServerConnectionManagerRequest", "result":"CONNECTION_UNAVAILABLE", "context":{"error_type":"net_error_code", "error_value":"-7"}}
{"logTime": "0623/095651", "correlationVector":"/HBFSG5Xw+IOgkgZl6lPIq.0","action":"GetUpdates Response", "result":"Network error (ERR_TIMED_OUT)", "context":Received error: Network error (ERR_TIMED_OUT). }
{"logTime": "0623/095654", "correlationVector":"wa20OPoYryQYEqR9G50n/k","action":"Initial GetUpdates", "result":"", "context":Reason: NEW_CLIENT. cV=wa20OPoYryQYEqR9G50n/k}
{"logTime": "0623/095716", "correlationVector":"wa20OPoYryQYEqR9G50n/k","action":"SyncServerConnectionManagerRequest", "result":"CONNECTION_UNAVAILABLE", "context":{"error_type":"net_error_code", "error_value":"-7"}}
{"logTime": "0623/095716", "correlationVector":"BVLF+s5pQ0Ov/TfH8bRAP+.0","action":"GetUpdates Response", "result":"Network error (ERR_TIMED_OUT)", "context":Received error: Network error (ERR_TIMED_OUT). }
{"logTime": "0623/095725", "correlationVector":"h2bSpFj35vOlw+TnU3yFuJ","action":"Initial GetUpdates", "result":"", "context":Reason: NEW_CLIENT. cV=h2bSpFj35vOlw+TnU3yFuJ}
{"logTime": "0623/095738", "correlationVector":"h2bSpFj35vOlw+TnU3yFuJ","action":"SyncServerConnectionManagerRequest", "result":"CONNECTION_UNAVAILABLE", "context":{"error_type":"net_error_code", "error_value":"-7"}}
{"logTime": "0623/095738", "correlationVector":"LTp+pNSdzs3oc9Nbbf42H3.0","action":"GetUpdates Response", "result":"Network error (ERR_TIMED_OUT)", "context":Received error: Network error (ERR_TIMED_OUT). }
{"logTime": "0623/095752", "correlationVector":"IclipR5S/fbWXV3TT41DLN","action":"Initial GetUpdates", "result":"", "context":Reason: NEW_CLIENT. cV=IclipR5S/fbWXV3TT41DLN}
{"logTime": "0623/095802", "correlationVector":"IclipR5S/fbWXV3TT41DLN.1","action":"SyncServerConnectionManagerRequest", "result":"SYNC_SERVER_OK", "context":{"environment":"Prod_francecentral_prod-s01-062-eur-francecentral", "migrationStage":"NotStarted", "server":"akswtt11500001w"}}
{"logTime": "0623/095802", "correlationVector":"IclipR5S/fbWXV3TT41DLN.2","action":"ProcessGetUpdates", "result":"Done", "context":{"dataType":"Bookmarks", "deleted":"0", "process_failed_to_decrypt":"0", "process_pending_decryption":"0", "process_success":"6", "total":"6"}}
{"logTime": "0623/095802", "correlationVector":"IclipR5S/fbWXV3TT41DLN.3","action":"GetUpdates Response", "result":"Success", "context":Received 6 update(s). cV=IclipR5S/fbWXV3TT41DLN.0;server=akswtt11500001w;cloudType=Consumer;environment=Prod_francecentral_prod-s01-062-eur-francecentral;migrationStage=NotStarted}
{"logTime": "0623/095802", "correlationVector":"xOTjEZHQk+crI97ElOS6/k","action":"Initial GetUpdates", "result":"", "context":Reason: NEW_CLIENT. cV=xOTjEZHQk+crI97ElOS6/k}
{"logTime": "0623/095831", "correlationVector":"xOTjEZHQk+crI97ElOS6/k.1","action":"SyncServerConnectionManagerRequest", "result":"SYNC_SERVER_OK", "context":{"environment":"Prod_francecentral_prod-s01-062-eur-francecentral", "migrationStage":"NotStarted", "server":"akswtt11500002n"}}
{"logTime": "0623/095831", "correlationVector":"xOTjEZHQk+crI97ElOS6/k.2","action":"ProcessGetUpdates", "result":"Done", "context":{"dataType":"Sessions", "deleted":"0", "process_failed_to_decrypt":"0", "process_pending_decryption":"0", "process_success":"2", "total":"2"}}
{"logTime": "0623/095831", "correlationVector":"xOTjEZHQk+crI97ElOS6/k.3","action":"ProcessGetUpdates", "result":"Done", "context":{"dataType":"Web Apps", "deleted":"0", "process_failed_to_decrypt":"0", "process_pending_decryption":"0", "process_success":"8", "total":"8"}}
{"logTime": "0623/095831", "correlationVector":"xOTjEZHQk+crI97ElOS6/k.4","action":"ProcessGetUpdates", "result":"Done", "context":{"dataType":"Edge Hub App Usage", "deleted":"0", "process_failed_to_decrypt":"0", "process_pending_decryption":"0", "process_success":"3", "total":"3"}}
{"logTime": "0623/095831", "correlationVector":"xOTjEZHQk+crI97ElOS6/k.5","action":"GetUpdates Response", "result":"Success", "context":Received 13 update(s). cV=xOTjEZHQk+crI97ElOS6/k.0;server=akswtt11500002n;cloudType=Consumer;environment=Prod_francecentral_prod-s01-062-eur-francecentral;migrationStage=NotStarted}
{"logTime": "0623/095831", "correlationVector":"gPvPy66WzhiSK/Py2OPa+i","action":"Initial GetUpdates", "result":"", "context":Reason: NEW_CLIENT. cV=gPvPy66WzhiSK/Py2OPa+i}
{"logTime": "0623/095837", "correlationVector":"gPvPy66WzhiSK/Py2OPa+i.1","action":"SyncServerConnectionManagerRequest", "result":"SYNC_SERVER_OK", "context":{"environment":"Prod_francecentral_prod-s01-062-eur-francecentral", "migrationStage":"NotStarted", "server":"akswtt11500002c"}}
{"logTime": "0623/095837", "correlationVector":"gPvPy66WzhiSK/Py2OPa+i.2","action":"ProcessGetUpdates", "result":"Done", "context":{"dataType":"History", "deleted":"0", "process_failed_to_decrypt":"0", "process_pending_decryption":"0", "process_success":"250", "total":"250"}}
{"logTime": "0623/095837", "correlationVector":"gPvPy66WzhiSK/Py2OPa+i.3","action":"GetUpdates Response", "result":"Success", "context":Received 250 update(s). cV=gPvPy66WzhiSK/Py2OPa+i.0;server=akswtt11500002c;cloudType=Consumer;environment=Prod_francecentral_prod-s01-062-eur-francecentral;migrationStage=NotStarted Some updates remain.}
{"logTime": "0623/095837", "correlationVector":"l1cETP06AO47aVRjGctrpO","action":"Initial GetUpdates", "result":"", "context":Reason: NEW_CLIENT. cV=l1cETP06AO47aVRjGctrpO}
{"logTime": "0623/095845", "correlationVector":"l1cETP06AO47aVRjGctrpO.1","action":"SyncServerConnectionManagerRequest", "result":"SYNC_SERVER_OK", "context":{"environment":"Prod_francecentral_prod-s01-062-eur-francecentral", "migrationStage":"NotStarted", "server":"akswtt11500002b"}}
{"logTime": "0623/095845", "correlationVector":"l1cETP06AO47aVRjGctrpO.2","action":"ProcessGetUpdates", "result":"Done", "context":{"dataType":"History", "deleted":"0", "process_failed_to_decrypt":"0", "process_pending_decryption":"0", "process_success":"212", "total":"212"}}
{"logTime": "0623/095845", "correlationVector":"l1cETP06AO47aVRjGctrpO.3","action":"GetUpdates Response", "result":"Success", "context":Received 212 update(s). cV=l1cETP06AO47aVRjGctrpO.0;server=akswtt11500002b;cloudType=Consumer;environment=Prod_francecentral_prod-s01-062-eur-francecentral;migrationStage=NotStarted}
{"logTime": "0623/095852", "correlationVector":"N/ZWS6IwnRGSRnnMcoByu+","action":"SyncServerConnectionManagerRequest", "result":"SYNC_SERVER_OK", "context":{"environment":"", "migrationStage":"", "server":""}}
{"logTime": "0623/095852", "correlationVector":"N/ZWS6IwnRGSRnnMcoByu+.0","action":"EncryptionKeysFetcher.DownloadKeys:", "result":"Success", "context":Key count: 5, Last key timestamp: 2026-05-22T04:39:20Z}
{"logTime": "0623/095852", "correlationVector":"N/ZWS6IwnRGSRnnMcoByu+.1","action":"EncryptionKeysManager::SetEncryptionKeys:", "result":"Success", "context":Key names[5]:[oFuuRjqwg/I40+6zuFCX9hSnobhdTi8sQ4F/2Aoa09eODzMH6U5dfsT4Fcdiddl9g1oJw4tX6YYQ8z+FJRwjSA==][3Zxm5enkUB54tzkAts/+rrNmhRczonbIT6HLmpLvcMkC+Or+Sj/pJrX7xZvrCuU0doa1mbaeeUfKpDcfDIF+Kg==][v1hFfiWgqTBLpM5knzovcSTjHhP63w3mu2oYx2ICTpA1t0wJnbB23TntNAJesELWrQo8xtbDlO3UR1P+pd87TQ==][5ufGwvL70nI7FC4msRrg8Ipez2D7dmvPEUbGFmn7XOoIE8uUICUuaCIIadj/B+GTCZ/MvAb74VxUcrMb1byJAQ==][jPynhKQDYAKOPNc96AQh2V0rbvYMhPWbumX9aXywwEmIzOF1/zkQvE90+0hKJWSuIXkhqrezNsyyodtRv03Lnw==]}
{"logTime": "0623/095852", "correlationVector":"N/ZWS6IwnRGSRnnMcoByu+.2","action":"EncryptionKeysManager::SetEncryptionKeysWithTimestamps:", "result":"Success", "context":Key timestamps[5]:[2022-04-15T11:08:33Z][2024-11-17T10:13:42Z][2025-05-17T02:36:37Z][2025-11-18T09:56:42Z][2026-05-22T04:39:20Z]}
{"logTime": "0623/095852", "correlationVector":"FxJ12SDgRCb0T0mhMQoDun","action":"Initial GetUpdates", "result":"", "context":Reason: NEWLY_SUPPORTED_DATATYPE. cV=FxJ12SDgRCb0T0mhMQoDun}
{"logTime": "0623/095913", "correlationVector":"FxJ12SDgRCb0T0mhMQoDun.1","action":"SyncServerConnectionManagerRequest", "result":"SYNC_SERVER_OK", "context":{"environment":"Prod_francecentral_prod-s01-062-eur-francecentral", "migrationStage":"NotStarted", "server":"akswtt11500002d"}}
{"logTime": "0623/095913", "correlationVector":"FxJ12SDgRCb0T0mhMQoDun.2","action":"ProcessGetUpdates", "result":"Done", "context":{"dataType":"Passwords", "deleted":"1", "process_failed_to_decrypt":"0", "process_pending_decryption":"0", "process_success":"24", "total":"24"}}
{"logTime": "0623/095913", "correlationVector":"FxJ12SDgRCb0T0mhMQoDun.3","action":"GetUpdates Response", "result":"Success", "context":Received 24 update(s). cV=FxJ12SDgRCb0T0mhMQoDun.0;server=akswtt11500002d;cloudType=Consumer;environment=Prod_francecentral_prod-s01-062-eur-francecentral;migrationStage=NotStarted}
{"logTime": "0623/095913", "correlationVector":"MEy/pZ13gIVEwhzEyeTF+8","action":"Initial GetUpdates", "result":"", "context":Reason: NEWLY_SUPPORTED_DATATYPE. cV=MEy/pZ13gIVEwhzEyeTF+8}
{"logTime": "0623/095917", "correlationVector":"MEy/pZ13gIVEwhzEyeTF+8.1","action":"SyncServerConnectionManagerRequest", "result":"SYNC_SERVER_OK", "context":{"environment":"Prod_francecentral_prod-s01-062-eur-francecentral", "migrationStage":"NotStarted", "server":"akswtt11500002j"}}
{"logTime": "0623/095917", "correlationVector":"MEy/pZ13gIVEwhzEyeTF+8.2","action":"ProcessGetUpdates", "result":"Done", "context":{"dataType":"Autofill Profiles", "deleted":"0", "process_failed_to_decrypt":"0", "process_pending_decryption":"0", "process_success":"8", "total":"8"}}
{"logTime": "0623/095917", "correlationVector":"MEy/pZ13gIVEwhzEyeTF+8.3","action":"ProcessGetUpdates", "result":"Done", "context":{"dataType":"Autofill", "deleted":"0", "process_failed_to_decrypt":"0", "process_pending_decryption":"0", "process_success":"242", "total":"242"}}
{"logTime": "0623/095917", "correlationVector":"MEy/pZ13gIVEwhzEyeTF+8.4","action":"GetUpdates Response", "result":"Success", "context":Received 250 update(s). cV=MEy/pZ13gIVEwhzEyeTF+8.0;server=akswtt11500002j;cloudType=Consumer;environment=Prod_francecentral_prod-s01-062-eur-francecentral;migrationStage=NotStarted Some updates remain.}
{"logTime": "0623/095917", "correlationVector":"IAeELTkMNA/o1BpPvgJO/L","action":"Initial GetUpdates", "result":"", "context":Reason: NEWLY_SUPPORTED_DATATYPE. cV=IAeELTkMNA/o1BpPvgJO/L}
{"logTime": "0623/095924", "correlationVector":"IAeELTkMNA/o1BpPvgJO/L.1","action":"SyncServerConnectionManagerRequest", "result":"SYNC_SERVER_OK", "context":{"environment":"Prod_germanywestcentral_prod-s01-010-eur-germanywestcentral", "migrationStage":"NotStarted", "server":"akswtt00200000i"}}
{"logTime": "0623/095924", "correlationVector":"IAeELTkMNA/o1BpPvgJO/L.2","action":"ProcessGetUpdates", "result":"Done", "context":{"dataType":"Autofill", "deleted":"0", "process_failed_to_decrypt":"0", "process_pending_decryption":"0", "process_success":"127", "total":"127"}}
{"logTime": "0623/095924", "correlationVector":"IAeELTkMNA/o1BpPvgJO/L.3","action":"GetUpdates Response", "result":"Success", "context":Received 127 update(s). cV=IAeELTkMNA/o1BpPvgJO/L.0;server=akswtt00200000i;cloudType=Consumer;environment=Prod_germanywestcentral_prod-s01-010-eur-germanywestcentral;migrationStage=NotStarted}
{"logTime": "0623/095924", "correlationVector":"psGyoPu2ZxMtkvgNqcCXSU","action":"Normal GetUpdate request", "result":"", "context":cV=psGyoPu2ZxMtkvgNqcCXSU
Nudged types: Sessions, Device Info, User Consents, Web Apps, History
Refresh requested types: Bookmarks, Preferences, Passwords, Autofill Profiles, Autofill, Extensions, Sessions, Extension settings, History Delete Directives, Device Info, User Consents, Send Tab To Self, Web Apps, History, Saved Tab Group, WebAuthn Credentials, Collection, Edge E Drop, Edge Hub App Usage, Edge Wallet, Encryption Keys}
{"logTime": "0623/095933", "correlationVector":"psGyoPu2ZxMtkvgNqcCXSU.1","action":"SyncServerConnectionManagerRequest", "result":"SYNC_SERVER_OK", "context":{"environment":"Prod_francecentral_prod-s01-062-eur-francecentral", "migrationStage":"NotStarted", "server":"akswtt11500002q"}}
{"logTime": "0623/095933", "correlationVector":"psGyoPu2ZxMtkvgNqcCXSU.2","action":"ProcessGetUpdates", "result":"Done", "context":{"dataType":"Preferences", "deleted":"0", "process_failed_to_decrypt":"0", "process_pending_decryption":"0", "process_success":"2", "total":"2"}}
{"logTime": "0623/095933", "correlationVector":"psGyoPu2ZxMtkvgNqcCXSU.3","action":"ProcessGetUpdates", "result":"Done", "context":{"dataType":"Sessions", "deleted":"2", "process_failed_to_decrypt":"0", "process_pending_decryption":"0", "process_success":"4", "total":"4"}}
{"logTime": "0623/095933", "correlationVector":"psGyoPu2ZxMtkvgNqcCXSU.4","action":"ProcessGetUpdates", "result":"Done", "context":{"dataType":"Device Info", "deleted":"0", "process_failed_to_decrypt":"0", "process_pending_decryption":"0", "process_success":"1", "total":"1"}}
{"logTime": "0623/095933", "correlationVector":"psGyoPu2ZxMtkvgNqcCXSU.5","action":"ProcessGetUpdates", "result":"Done", "context":{"dataType":"History", "deleted":"0", "process_failed_to_decrypt":"0", "process_pending_decryption":"0", "process_success":"7", "total":"7"}}
{"logTime": "0623/095933", "correlationVector":"psGyoPu2ZxMtkvgNqcCXSU.6","action":"GetUpdates Response", "result":"Success", "context":Received 14 update(s). cV=psGyoPu2ZxMtkvgNqcCXSU.0;server=akswtt11500002q;cloudType=Consumer;environment=Prod_francecentral_prod-s01-062-eur-francecentral;migrationStage=NotStarted}
{"logTime": "0623/095933", "correlationVector":"4fj8xESthBlMfLWoGRF7cv","action":"Commit Request", "result":"", "context":Item count: 8
Contributing types: Sessions, Device Info, User Consents, Web Apps, History}
{"logTime": "0623/095948", "correlationVector":"4fj8xESthBlMfLWoGRF7cv.1","action":"SyncServerConnectionManagerRequest", "result":"SYNC_SERVER_OK", "context":{"environment":"Prod_francecentral_prod-s01-062-eur-francecentral", "migrationStage":"NotStarted", "server":"akswtt11500002j"}}
{"logTime": "0623/095948", "correlationVector":"4fj8xESthBlMfLWoGRF7cv.2","action":"Commit Response", "result":"Success", "context":Result: Success. cV=4fj8xESthBlMfLWoGRF7cv.0;server=akswtt11500002j;cloudType=Consumer;environment=Prod_francecentral_prod-s01-062-eur-francecentral;migrationStage=NotStarted}
{"logTime": "0623/100012", "correlationVector":"Je03ZzBKN2dalzxgXrRkEs","action":"Commit Request", "result":"", "context":Item count: 19
Contributing types: Preferences, Passwords}
{"logTime": "0623/100020", "correlationVector":"Je03ZzBKN2dalzxgXrRkEs.1","action":"SyncServerConnectionManagerRequest", "result":"SYNC_SERVER_ERROR", "context":{"environment":"Prod_francecentral_prod-s01-062-eur-francecentral", "error_type":"http_status_code", "error_value":"400", "migrationStage":"NotStarted", "server":"akswtt115000029"}}
{"logTime": "0623/100020", "correlationVector":"Je03ZzBKN2dalzxgXrRkEs.2","action":"Commit Response", "result":"HTTP error (400)", "context":Result: HTTP error (400). cV=Je03ZzBKN2dalzxgXrRkEs.0;server=akswtt115000029;cloudType=Consumer;environment=Prod_francecentral_prod-s01-062-eur-francecentral;migrationStage=NotStarted}
{"logTime": "0623/100135", "correlationVector":"QhrDNOPQx69mxL3r/oim7j","action":"Normal GetUpdate request", "result":"", "context":cV=QhrDNOPQx69mxL3r/oim7j
Nudged types: Preferences, Passwords, Sessions, History
Notified types: History}
{"logTime": "0623/100136", "correlationVector":"QhrDNOPQx69mxL3r/oim7j.1","action":"SyncServerConnectionManagerRequest", "result":"SYNC_SERVER_OK", "context":{"environment":"Prod_francecentral_prod-s01-062-eur-francecentral", "migrationStage":"NotStarted", "server":"akswtt11500001o"}}
{"logTime": "0623/100136", "correlationVector":"QhrDNOPQx69mxL3r/oim7j.2","action":"ProcessGetUpdates", "result":"Done", "context":{"dataType":"Sessions", "deleted":"0", "process_failed_to_decrypt":"0", "process_pending_decryption":"0", "process_success":"4", "total":"4"}}
{"logTime": "0623/100136", "correlationVector":"QhrDNOPQx69mxL3r/oim7j.3","action":"ProcessGetUpdates", "result":"Done", "context":{"dataType":"Device Info", "deleted":"0", "process_failed_to_decrypt":"0", "process_pending_decryption":"0", "process_success":"1", "total":"1"}}
{"logTime": "0623/100136", "correlationVector":"QhrDNOPQx69mxL3r/oim7j.4","action":"ProcessGetUpdates", "result":"Done", "context":{"dataType":"Web Apps", "deleted":"0", "process_failed_to_decrypt":"0", "process_pending_decryption":"0", "process_success":"1", "total":"1"}}
{"logTime": "0623/100136", "correlationVector":"QhrDNOPQx69mxL3r/oim7j.5","action":"ProcessGetUpdates", "result":"Done", "context":{"dataType":"History", "deleted":"0", "process_failed_to_decrypt":"0", "process_pending_decryption":"0", "process_success":"6", "total":"6"}}
{"logTime": "0623/100136", "correlationVector":"QhrDNOPQx69mxL3r/oim7j.6","action":"GetUpdates Response", "result":"Success", "context":Received 12 update(s). cV=QhrDNOPQx69mxL3r/oim7j.0;server=akswtt11500001o;cloudType=Consumer;environment=Prod_francecentral_prod-s01-062-eur-francecentral;migrationStage=NotStarted}
{"logTime": "0623/100136", "correlationVector":"+arwnIAiEHegqHyBuvShrX","action":"DoCompareDataConsistency: ", "result":"has local changes and skip compare"}
{"logTime": "0623/100136", "correlationVector":"JghfJLZ1lhUKHSEP9JxZyE","action":"Commit Request", "result":"", "context":Item count: 22
Contributing types: Preferences, Passwords, Sessions, History}
{"logTime": "0623/100141", "correlationVector":"JghfJLZ1lhUKHSEP9JxZyE.1","action":"SyncServerConnectionManagerRequest", "result":"SYNC_SERVER_OK", "context":{"environment":"Prod_francecentral_prod-s01-062-eur-francecentral", "migrationStage":"NotStarted", "server":"akswtt11500002a"}}
{"logTime": "0623/100141", "correlationVector":"JghfJLZ1lhUKHSEP9JxZyE.2","action":"Commit Response", "result":"Success", "context":Result: Success. cV=JghfJLZ1lhUKHSEP9JxZyE.0;server=akswtt11500002a;cloudType=Consumer;environment=Prod_francecentral_prod-s01-062-eur-francecentral;migrationStage=NotStarted}
{"logTime": "0623/100144", "correlationVector":"PLEK1qSowjVMh9vbG+AEnU","action":"Normal GetUpdate request", "result":"", "context":cV=PLEK1qSowjVMh9vbG+AEnU
Notified types: History}
{"logTime": "0623/100145", "correlationVector":"PLEK1qSowjVMh9vbG+AEnU.1","action":"SyncServerConnectionManagerRequest", "result":"SYNC_SERVER_OK", "context":{"environment":"Prod_francecentral_prod-s01-062-eur-francecentral", "migrationStage":"NotStarted", "server":"akswtt11500002h"}}
{"logTime": "0623/100145", "correlationVector":"PLEK1qSowjVMh9vbG+AEnU.2","action":"ProcessGetUpdates", "result":"Done", "context":{"dataType":"Preferences", "deleted":"0", "process_failed_to_decrypt":"0", "process_pending_decryption":"0", "process_success":"1", "total":"1"}}
{"logTime": "0623/100145", "correlationVector":"PLEK1qSowjVMh9vbG+AEnU.3","action":"ProcessGetUpdates", "result":"Done", "context":{"dataType":"Passwords", "deleted":"0", "process_failed_to_decrypt":"0", "process_pending_decryption":"0", "process_success":"18", "total":"18"}}
{"logTime": "0623/100145", "correlationVector":"PLEK1qSowjVMh9vbG+AEnU.4","action":"ProcessGetUpdates", "result":"Done", "context":{"dataType":"Sessions", "deleted":"1", "process_failed_to_decrypt":"0", "process_pending_decryption":"0", "process_success":"3", "total":"3"}}
{"logTime": "0623/100145", "correlationVector":"PLEK1qSowjVMh9vbG+AEnU.5","action":"ProcessGetUpdates", "result":"Done", "context":{"dataType":"History", "deleted":"0", "process_failed_to_decrypt":"0", "process_pending_decryption":"0", "process_success":"6", "total":"6"}}
{"logTime": "0623/100145", "correlationVector":"PLEK1qSowjVMh9vbG+AEnU.6","action":"GetUpdates Response", "result":"Success", "context":Received 28 update(s). cV=PLEK1qSowjVMh9vbG+AEnU.0;server=akswtt11500002h;cloudType=Consumer;environment=Prod_francecentral_prod-s01-062-eur-francecentral;migrationStage=NotStarted}
{"logTime": "0623/100310", "correlationVector":"Lfcvuva0inW6hHEb/81enu","action":"Commit Request", "result":"", "context":Item count: 1
Contributing types: History}
{"logTime": "0623/100312", "correlationVector":"Lfcvuva0inW6hHEb/81enu.1","action":"SyncServerConnectionManagerRequest", "result":"SYNC_SERVER_OK", "context":{"environment":"Prod_francecentral_prod-s01-062-eur-francecentral", "migrationStage":"NotStarted", "server":"akswtt11500003b"}}
{"logTime": "0623/100312", "correlationVector":"Lfcvuva0inW6hHEb/81enu.2","action":"Commit Response", "result":"Success", "context":Result: Success. cV=Lfcvuva0inW6hHEb/81enu.0;server=akswtt11500003b;cloudType=Consumer;environment=Prod_francecentral_prod-s01-062-eur-francecentral;migrationStage=NotStarted}
{"logTime": "0623/100502", "correlationVector":"nIoItJdkLnbWJzWD6kC9Jb","action":"Commit Request", "result":"", "context":Item count: 3
Contributing types: Sessions, History}
{"logTime": "0623/100502", "correlationVector":"nIoItJdkLnbWJzWD6kC9Jb","action":"SyncServerConnectionManagerRequest", "result":"CONNECTION_UNAVAILABLE", "context":{"error_type":"net_error_code", "error_value":"-105"}}
{"logTime": "0623/100502", "correlationVector":"CLOW6j5y/NJboEmW/ug5MT.0","action":"Commit Response", "result":"Network error (ERR_NAME_NOT_RESOLVED)", "context":Result: Network error (ERR_NAME_NOT_RESOLVED). }
{"logTime": "0623/100505", "correlationVector":"l8L10DAojOaJw4F7chgvdK","action":"Commit Request", "result":"", "context":Item count: 3
Contributing types: Sessions, History}
{"logTime": "0623/100505", "correlationVector":"l8L10DAojOaJw4F7chgvdK","action":"SyncServerConnectionManagerRequest", "result":"CONNECTION_UNAVAILABLE", "context":{"error_type":"net_error_code", "error_value":"-105"}}
{"logTime": "0623/100505", "correlationVector":"Oj+4r0y85mFzr+KlHmTBU+.0","action":"Commit Response", "result":"Network error (ERR_NAME_NOT_RESOLVED)", "context":Result: Network error (ERR_NAME_NOT_RESOLVED). }
{"logTime": "0623/100512", "correlationVector":"ZYnuyya90TbNym+krVJ+LO","action":"Commit Request", "result":"", "context":Item count: 3
Contributing types: Sessions, History}
{"logTime": "0623/100513", "correlationVector":"ZYnuyya90TbNym+krVJ+LO.1","action":"SyncServerConnectionManagerRequest", "result":"SYNC_SERVER_OK", "context":{"environment":"Prod_francecentral_prod-s01-062-eur-francecentral", "migrationStage":"NotStarted", "server":"akswtt115000028"}}
{"logTime": "0623/100513", "correlationVector":"ZYnuyya90TbNym+krVJ+LO.2","action":"Commit Response", "result":"Success", "context":Result: Success. cV=ZYnuyya90TbNym+krVJ+LO.0;server=akswtt115000028;cloudType=Consumer;environment=Prod_francecentral_prod-s01-062-eur-francecentral;migrationStage=NotStarted}
{"logTime": "0623/100843", "correlationVector":"8nEAHj5WECBEdVdknNN9MK","action":"Normal GetUpdate request", "result":"", "context":cV=8nEAHj5WECBEdVdknNN9MK
Notified types: History}
{"logTime": "0623/100847", "correlationVector":"8nEAHj5WECBEdVdknNN9MK.1","action":"SyncServerConnectionManagerRequest", "result":"SYNC_SERVER_OK", "context":{"environment":"Prod_francecentral_prod-s01-062-eur-francecentral", "migrationStage":"NotStarted", "server":"akswtt11500003e"}}
{"logTime": "0623/100847", "correlationVector":"8nEAHj5WECBEdVdknNN9MK.2","action":"ProcessGetUpdates", "result":"Done", "context":{"dataType":"Sessions", "deleted":"2", "process_failed_to_decrypt":"0", "process_pending_decryption":"0", "process_success":"4", "total":"4"}}
{"logTime": "0623/100847", "correlationVector":"8nEAHj5WECBEdVdknNN9MK.3","action":"ProcessGetUpdates", "result":"Done", "context":{"dataType":"History", "deleted":"0", "process_failed_to_decrypt":"0", "process_pending_decryption":"0", "process_success":"5", "total":"5"}}
{"logTime": "0623/100847", "correlationVector":"8nEAHj5WECBEdVdknNN9MK.4","action":"GetUpdates Response", "result":"Success", "context":Received 9 update(s). cV=8nEAHj5WECBEdVdknNN9MK.0;server=akswtt11500003e;cloudType=Consumer;environment=Prod_francecentral_prod-s01-062-eur-francecentral;migrationStage=NotStarted}
{"logTime": "0623/101200", "correlationVector":"rZyYuz3t+/GKdRzsjHCOBk","action":"Normal GetUpdate request", "result":"", "context":cV=rZyYuz3t+/GKdRzsjHCOBk
Notified types: History}
{"logTime": "0623/101201", "correlationVector":"rZyYuz3t+/GKdRzsjHCOBk.1","action":"SyncServerConnectionManagerRequest", "result":"SYNC_SERVER_OK", "context":{"environment":"Prod_francecentral_prod-s01-062-eur-francecentral", "migrationStage":"NotStarted", "server":"akswtt11500001m"}}
{"logTime": "0623/101201", "correlationVector":"rZyYuz3t+/GKdRzsjHCOBk.2","action":"ProcessGetUpdates", "result":"Done", "context":{"dataType":"Sessions", "deleted":"0", "process_failed_to_decrypt":"0", "process_pending_decryption":"0", "process_success":"1", "total":"1"}}
{"logTime": "0623/101201", "correlationVector":"rZyYuz3t+/GKdRzsjHCOBk.3","action":"ProcessGetUpdates", "result":"Done", "context":{"dataType":"History", "deleted":"0", "process_failed_to_decrypt":"0", "process_pending_decryption":"0", "process_success":"3", "total":"3"}}
{"logTime": "0623/101201", "correlationVector":"rZyYuz3t+/GKdRzsjHCOBk.4","action":"GetUpdates Response", "result":"Success", "context":Received 4 update(s). cV=rZyYuz3t+/GKdRzsjHCOBk.0;server=akswtt11500001m;cloudType=Consumer;environment=Prod_francecentral_prod-s01-062-eur-francecentral;migrationStage=NotStarted}
{"logTime": "0623/101728", "correlationVector":"4L+Luz+Om6SfTILt6j1L/Z.1","action":"SyncServerConnectionManagerRequest", "result":"SYNC_SERVER_OK", "context":{"environment":"Prod_francecentral_prod-s01-062-eur-francecentral", "migrationStage":"NotStarted", "server":"akswtt115000035"}}
{"logTime": "0623/101728", "correlationVector":"4L+Luz+Om6SfTILt6j1L/Z.2","action":"ProcessGetUpdates", "result":"Done", "context":{"dataType":"Encryption Keys", "deleted":"0", "process_failed_to_decrypt":"0", "process_pending_decryption":"0", "process_success":"1", "total":"1"}}
{"logTime": "0623/101729", "correlationVector":"V4VeVzLCyLoWikzM2CTNbF","action":"SyncServerConnectionManagerRequest", "result":"SYNC_SERVER_OK", "context":{"environment":"", "migrationStage":"", "server":""}}
{"logTime": "0623/101729", "correlationVector":"V4VeVzLCyLoWikzM2CTNbF.0","action":"EncryptionKeysFetcher.DownloadKeys:", "result":"Success", "context":Key count: 5, Last key timestamp: 2026-05-22T04:39:20Z}
{"logTime": "0623/101729", "correlationVector":"V4VeVzLCyLoWikzM2CTNbF.1","action":"EncryptionKeysManager::SetEncryptionKeys:", "result":"Success", "context":Key names[5]:[oFuuRjqwg/I40+6zuFCX9hSnobhdTi8sQ4F/2Aoa09eODzMH6U5dfsT4Fcdiddl9g1oJw4tX6YYQ8z+FJRwjSA==][3Zxm5enkUB54tzkAts/+rrNmhRczonbIT6HLmpLvcMkC+Or+Sj/pJrX7xZvrCuU0doa1mbaeeUfKpDcfDIF+Kg==][v1hFfiWgqTBLpM5knzovcSTjHhP63w3mu2oYx2ICTpA1t0wJnbB23TntNAJesELWrQo8xtbDlO3UR1P+pd87TQ==][5ufGwvL70nI7FC4msRrg8Ipez2D7dmvPEUbGFmn7XOoIE8uUICUuaCIIadj/B+GTCZ/MvAb74VxUcrMb1byJAQ==][jPynhKQDYAKOPNc96AQh2V0rbvYMhPWbumX9aXywwEmIzOF1/zkQvE90+0hKJWSuIXkhqrezNsyyodtRv03Lnw==]}
{"logTime": "0623/101729", "correlationVector":"V4VeVzLCyLoWikzM2CTNbF.2","action":"EncryptionKeysManager::SetEncryptionKeysWithTimestamps:", "result":"Success", "context":Key timestamps[5]:[2022-04-15T11:08:33Z][2024-11-17T10:13:42Z][2025-05-17T02:36:37Z][2025-11-18T09:56:42Z][2026-05-22T04:39:20Z]}
{"logTime": "0623/101729", "correlationVector":"4L+Luz+Om6SfTILt6j1L/Z","action":"Initial GetUpdates", "result":"", "context":Reason: NEW_CLIENT. cV=4L+Luz+Om6SfTILt6j1L/Z}
{"logTime": "0623/101729", "correlationVector":"4L+Luz+Om6SfTILt6j1L/Z.3","action":"GetUpdates Response", "result":"Success", "context":Received 1 update(s). cV=4L+Luz+Om6SfTILt6j1L/Z.0;server=akswtt115000035;cloudType=Consumer;environment=Prod_francecentral_prod-s01-062-eur-francecentral;migrationStage=NotStarted}
{"logTime": "0623/101729", "correlationVector":"9kf6upeZgQf4OlN8mJ4Q8Z","action":"Initial GetUpdates", "result":"", "context":Reason: NEWLY_SUPPORTED_DATATYPE. cV=9kf6upeZgQf4OlN8mJ4Q8Z}
{"logTime": "0623/101730", "correlationVector":"9kf6upeZgQf4OlN8mJ4Q8Z.1","action":"SyncServerConnectionManagerRequest", "result":"SYNC_SERVER_OK", "context":{"environment":"Prod_francecentral_prod-s01-062-eur-francecentral", "migrationStage":"NotStarted", "server":"akswtt11500002i"}}
{"logTime": "0623/101730", "correlationVector":"9kf6upeZgQf4OlN8mJ4Q8Z.2","action":"ProcessGetUpdates", "result":"Done", "context":{"dataType":"Passwords", "deleted":"1", "process_failed_to_decrypt":"0", "process_pending_decryption":"0", "process_success":"24", "total":"24"}}
{"logTime": "0623/101730", "correlationVector":"9kf6upeZgQf4OlN8mJ4Q8Z.3","action":"GetUpdates Response", "result":"Success", "context":Received 24 update(s). cV=9kf6upeZgQf4OlN8mJ4Q8Z.0;server=akswtt11500002i;cloudType=Consumer;environment=Prod_francecentral_prod-s01-062-eur-francecentral;migrationStage=NotStarted}
{"logTime": "0623/101730", "correlationVector":"/YUdiHsaUQEr+WY+PL17Jy","action":"Normal GetUpdate request", "result":"", "context":cV=/YUdiHsaUQEr+WY+PL17Jy
Nudged types: Sessions, History
Refresh requested types: Bookmarks, Preferences, Passwords, Autofill Profiles, Autofill, Extensions, Sessions, Extension settings, History Delete Directives, Device Info, User Consents, Send Tab To Self, Web Apps, History, Saved Tab Group, WebAuthn Credentials, Collection, Edge E Drop, Edge Hub App Usage, Edge Wallet, Encryption Keys}
{"logTime": "0623/101732", "correlationVector":"/YUdiHsaUQEr+WY+PL17Jy.1","action":"SyncServerConnectionManagerRequest", "result":"SYNC_SERVER_OK", "context":{"environment":"Prod_francecentral_prod-s01-062-eur-francecentral", "migrationStage":"NotStarted", "server":"akswtt115000029"}}
{"logTime": "0623/101732", "correlationVector":"/YUdiHsaUQEr+WY+PL17Jy.2","action":"ProcessGetUpdates", "result":"Done", "context":{"dataType":"Sessions", "deleted":"0", "process_failed_to_decrypt":"0", "process_pending_decryption":"0", "process_success":"1", "total":"1"}}
{"logTime": "0623/101732", "correlationVector":"/YUdiHsaUQEr+WY+PL17Jy.3","action":"GetUpdates Response", "result":"Success", "context":Received 1 update(s). cV=/YUdiHsaUQEr+WY+PL17Jy.0;server=akswtt115000029;cloudType=Consumer;environment=Prod_francecentral_prod-s01-062-eur-francecentral;migrationStage=NotStarted}
{"logTime": "0623/101732", "correlationVector":"qy+VMZDAOiLiOsiRoDifPd","action":"Commit Request", "result":"", "context":Item count: 4
Contributing types: Sessions, History}
{"logTime": "0623/101734", "correlationVector":"qy+VMZDAOiLiOsiRoDifPd.1","action":"SyncServerConnectionManagerRequest", "result":"SYNC_SERVER_OK", "context":{"environment":"Prod_francecentral_prod-s01-062-eur-francecentral", "migrationStage":"NotStarted", "server":"akswtt11500002s"}}
{"logTime": "0623/101734", "correlationVector":"qy+VMZDAOiLiOsiRoDifPd.2","action":"Commit Response", "result":"Success", "context":Result: Success. cV=qy+VMZDAOiLiOsiRoDifPd.0;server=akswtt11500002s;cloudType=Consumer;environment=Prod_francecentral_prod-s01-062-eur-francecentral;migrationStage=NotStarted}
{"logTime": "0623/101738", "correlationVector":"qR7VxmUWBK61giqSjk9kmt","action":"Commit Request", "result":"", "context":Item count: 19
Contributing types: Preferences, Passwords}
{"logTime": "0623/101742", "correlationVector":"qR7VxmUWBK61giqSjk9kmt.1","action":"SyncServerConnectionManagerRequest", "result":"SYNC_SERVER_OK", "context":{"environment":"Prod_francecentral_prod-s01-062-eur-francecentral", "migrationStage":"NotStarted", "server":"akswtt11500002a"}}
{"logTime": "0623/101742", "correlationVector":"qR7VxmUWBK61giqSjk9kmt.2","action":"Commit Response", "result":"Success", "context":Result: Success. cV=qR7VxmUWBK61giqSjk9kmt.0;server=akswtt11500002a;cloudType=Consumer;environment=Prod_francecentral_prod-s01-062-eur-francecentral;migrationStage=NotStarted}
{"logTime": "0623/101828", "correlationVector":"nOQXSRiW1uQUFCYmxdtwtB","action":"Commit Request", "result":"", "context":Item count: 6
Contributing types: Preferences, Passwords, Sessions, History}
{"logTime": "0623/101831", "correlationVector":"nOQXSRiW1uQUFCYmxdtwtB.1","action":"SyncServerConnectionManagerRequest", "result":"SYNC_SERVER_OK", "context":{"environment":"Prod_francecentral_prod-s01-062-eur-francecentral", "migrationStage":"NotStarted", "server":"akswtt11500001q"}}
{"logTime": "0623/101831", "correlationVector":"nOQXSRiW1uQUFCYmxdtwtB.2","action":"Commit Response", "result":"Success", "context":Result: Success. cV=nOQXSRiW1uQUFCYmxdtwtB.0;server=akswtt11500001q;cloudType=Consumer;environment=Prod_francecentral_prod-s01-062-eur-francecentral;migrationStage=NotStarted}
{"logTime": "0623/101831", "correlationVector":"nOQXSRiW1uQUFCYmxdtwtB.3","action":"Commit.Sessions", "result":"Success", "context":{"id":"4aa63eaf-14a0-4f67-a761-b2ec5bf672fb", "isDeleted":"true", "size":"0", "version":"1782209853575"}}
{"logTime": "0623/101833", "correlationVector":"iGzfPTi13mXeMY58uLjILi","action":"Normal GetUpdate request", "result":"", "context":cV=iGzfPTi13mXeMY58uLjILi
Nudged types: Sessions, History
Notified types: Passwords}
{"logTime": "0623/101834", "correlationVector":"iGzfPTi13mXeMY58uLjILi.1","action":"SyncServerConnectionManagerRequest", "result":"SYNC_SERVER_OK", "context":{"environment":"Prod_francecentral_prod-s01-062-eur-francecentral", "migrationStage":"NotStarted", "server":"akswtt11500002q"}}
{"logTime": "0623/101834", "correlationVector":"iGzfPTi13mXeMY58uLjILi.2","action":"ProcessGetUpdates", "result":"Done", "context":{"dataType":"Preferences", "deleted":"0", "process_failed_to_decrypt":"0", "process_pending_decryption":"0", "process_success":"2", "total":"2"}}
{"logTime": "0623/101834", "correlationVector":"iGzfPTi13mXeMY58uLjILi.3","action":"ProcessGetUpdates", "result":"Done", "context":{"dataType":"Passwords", "deleted":"0", "process_failed_to_decrypt":"0", "process_pending_decryption":"0", "process_success":"19", "total":"19"}}
{"logTime": "0623/101834", "correlationVector":"iGzfPTi13mXeMY58uLjILi.4","action":"ProcessGetUpdates", "result":"Done", "context":{"dataType":"Sessions", "deleted":"2", "process_failed_to_decrypt":"0", "process_pending_decryption":"0", "process_success":"4", "total":"4"}}
{"logTime": "0623/101834", "correlationVector":"iGzfPTi13mXeMY58uLjILi.5","action":"ProcessGetUpdates", "result":"Done", "context":{"dataType":"History", "deleted":"0", "process_failed_to_decrypt":"0", "process_pending_decryption":"0", "process_success":"3", "total":"3"}}
{"logTime": "0623/101834", "correlationVector":"iGzfPTi13mXeMY58uLjILi.6","action":"GetUpdates Response", "result":"Success", "context":Received 28 update(s). cV=iGzfPTi13mXeMY58uLjILi.0;server=akswtt11500002q;cloudType=Consumer;environment=Prod_francecentral_prod-s01-062-eur-francecentral;migrationStage=NotStarted}
{"logTime": "0623/101834", "correlationVector":"E/haZY7HpiNSv7pd6qajm3","action":"Commit Request", "result":"", "context":Item count: 3
Contributing types: Sessions, History}
{"logTime": "0623/101835", "correlationVector":"E/haZY7HpiNSv7pd6qajm3.1","action":"SyncServerConnectionManagerRequest", "result":"SYNC_SERVER_OK", "context":{"environment":"Prod_francecentral_prod-s01-062-eur-francecentral", "migrationStage":"NotStarted", "server":"akswtt11500001w"}}
{"logTime": "0623/101835", "correlationVector":"E/haZY7HpiNSv7pd6qajm3.2","action":"Commit Response", "result":"Success", "context":Result: Success. cV=E/haZY7HpiNSv7pd6qajm3.0;server=akswtt11500001w;cloudType=Consumer;environment=Prod_francecentral_prod-s01-062-eur-francecentral;migrationStage=NotStarted}
{"logTime": "0623/101935", "correlationVector":"FfBemQA3j3DitnBcv6oMB3","action":"Commit Request", "result":"", "context":Item count: 5
Contributing types: Sessions, History}
{"logTime": "0623/101937", "correlationVector":"FfBemQA3j3DitnBcv6oMB3.1","action":"SyncServerConnectionManagerRequest", "result":"SYNC_SERVER_OK", "context":{"environment":"Prod_francecentral_prod-s01-062-eur-francecentral", "migrationStage":"NotStarted", "server":"akswtt11500002b"}}
{"logTime": "0623/101937", "correlationVector":"FfBemQA3j3DitnBcv6oMB3.2","action":"Commit Response", "result":"Success", "context":Result: Success. cV=FfBemQA3j3DitnBcv6oMB3.0;server=akswtt11500002b;cloudType=Consumer;environment=Prod_francecentral_prod-s01-062-eur-francecentral;migrationStage=NotStarted}
{"logTime": "0623/102117", "correlationVector":"9z2c+yXCbXSNcmdP5halew","action":"Commit Request", "result":"", "context":Item count: 3
Contributing types: Sessions, History}
{"logTime": "0623/102120", "correlationVector":"9z2c+yXCbXSNcmdP5halew.1","action":"SyncServerConnectionManagerRequest", "result":"SYNC_SERVER_OK", "context":{"environment":"Prod_francecentral_prod-s01-062-eur-francecentral", "migrationStage":"NotStarted", "server":"akswtt11500002d"}}
{"logTime": "0623/102120", "correlationVector":"9z2c+yXCbXSNcmdP5halew.2","action":"Commit Response", "result":"Success", "context":Result: Success. cV=9z2c+yXCbXSNcmdP5halew.0;server=akswtt11500002d;cloudType=Consumer;environment=Prod_francecentral_prod-s01-062-eur-francecentral;migrationStage=NotStarted}
